2026.01.29 11:53 B C:\Users\nova1\OneDrive\Escritorio\SEATAM CONSULTORA\PROGRAMAS\WS_FTP\para subir o bajar\investiment-9001\xls\FORM-001-Quejas-y-Reclamos.html --> www.sistemaiso.net /investment.sistemaiso.net/xls FORM-001-Quejas-y-Reclamos.html
2026.01.29 11:53 B C:\Users\nova1\OneDrive\Escritorio\SEATAM CONSULTORA\PROGRAMAS\WS_FTP\para subir o bajar\investiment-9001\xls\FORM-002-Comunicacion-interna-y-externa.html --> www.sistemaiso.net /investment.sistemaiso.net/xls FORM-002-Comunicacion-interna-y-externa.html
2026.01.29 11:53 B C:\Users\nova1\OneDrive\Escritorio\SEATAM CONSULTORA\PROGRAMAS\WS_FTP\para subir o bajar\investiment-9001\xls\FORM-004-Calibracion-de-equipos.html --> www.sistemaiso.net /investment.sistemaiso.net/xls FORM-004-Calibracion-de-equipos.html
2026.01.29 11:53 B C:\Users\nova1\OneDrive\Escritorio\SEATAM CONSULTORA\PROGRAMAS\WS_FTP\para subir o bajar\investiment-9001\xls\FORM-008-Registro-No-Conformidad-Oportunidades.html --> www.sistemaiso.net /investment.sistemaiso.net/xls FORM-008-Registro-No-Conformidad-Oportunidades.html
2026.01.29 11:53 B C:\Users\nova1\OneDrive\Escritorio\SEATAM CONSULTORA\PROGRAMAS\WS_FTP\para subir o bajar\investiment-9001\xls\FORM-011-programa-de-auditoria-interna.html --> www.sistemaiso.net /investment.sistemaiso.net/xls FORM-011-programa-de-auditoria-interna.html
2026.01.29 11:53 B C:\Users\nova1\OneDrive\Escritorio\SEATAM CONSULTORA\PROGRAMAS\WS_FTP\para subir o bajar\investiment-9001\xls\FORM-016-MATRIZ-DE-ASPECTOS-E-IMPACTOS-AMBIENTALES.html --> www.sistemaiso.net /investment.sistemaiso.net/xls FORM-016-MATRIZ-DE-ASPECTOS-E-IMPACTOS-AMBIENTALES.html
2026.01.29 11:53 B C:\Users\nova1\OneDrive\Escritorio\SEATAM CONSULTORA\PROGRAMAS\WS_FTP\para subir o bajar\investiment-9001\xls\FORM-020-PROGRAMA-DE-REVISION-POR-LA-GERENCIA-ESTRATEGICA.html --> www.sistemaiso.net /investment.sistemaiso.net/xls FORM-020-PROGRAMA-DE-REVISION-POR-LA-GERENCIA-ESTRATEGICA.html
2026.01.29 11:53 B C:\Users\nova1\OneDrive\Escritorio\SEATAM CONSULTORA\PROGRAMAS\WS_FTP\para subir o bajar\investiment-9001\xls\FORM-021-Programa-de-capacitacion-en-syso.html --> www.sistemaiso.net /investment.sistemaiso.net/xls FORM-021-Programa-de-capacitacion-en-syso.html
2026.01.29 11:53 B C:\Users\nova1\OneDrive\Escritorio\SEATAM CONSULTORA\PROGRAMAS\WS_FTP\para subir o bajar\investiment-9001\xls\FORM-022-Encuesta-Satisfaccion-Cliente.html --> www.sistemaiso.net /investment.sistemaiso.net/xls FORM-022-Encuesta-Satisfaccion-Cliente.html
2026.01.29 11:53 B C:\Users\nova1\OneDrive\Escritorio\SEATAM CONSULTORA\PROGRAMAS\WS_FTP\para subir o bajar\investiment-9001\xls\FORM-023-CERTIFICADO-DE-ANALISIS-DE-CALIDAD.html --> www.sistemaiso.net /investment.sistemaiso.net/xls FORM-023-CERTIFICADO-DE-ANALISIS-DE-CALIDAD.html
2026.01.29 11:53 B C:\Users\nova1\OneDrive\Escritorio\SEATAM CONSULTORA\PROGRAMAS\WS_FTP\para subir o bajar\investiment-9001\xls\FORM-024-EVALUACION-DE-CAPACITACION.html --> www.sistemaiso.net /investment.sistemaiso.net/xls FORM-024-EVALUACION-DE-CAPACITACION.html
2026.01.29 11:53 B C:\Users\nova1\OneDrive\Escritorio\SEATAM CONSULTORA\PROGRAMAS\WS_FTP\para subir o bajar\investiment-9001\xls\FORM-025-CONSULTA-O-RETIRO-DE-DOCUMENTOS-INACTIVOS.html --> www.sistemaiso.net /investment.sistemaiso.net/xls FORM-025-CONSULTA-O-RETIRO-DE-DOCUMENTOS-INACTIVOS.html
2026.01.29 11:53 B C:\Users\nova1\OneDrive\Escritorio\SEATAM CONSULTORA\PROGRAMAS\WS_FTP\para subir o bajar\investiment-9001\xls\FORM-026-PLANIFICACION-DE-LOS-CAMBIOS.html --> www.sistemaiso.net /investment.sistemaiso.net/xls FORM-026-PLANIFICACION-DE-LOS-CAMBIOS.html
2026.01.29 11:53 B C:\Users\nova1\OneDrive\Escritorio\SEATAM CONSULTORA\PROGRAMAS\WS_FTP\para subir o bajar\investiment-9001\xls\FORM-027-INVENTARIO-DE-DOCUMENTOS-INACTIVOS.html --> www.sistemaiso.net /investment.sistemaiso.net/xls FORM-027-INVENTARIO-DE-DOCUMENTOS-INACTIVOS.html
2026.01.29 11:53 B C:\Users\nova1\OneDrive\Escritorio\SEATAM CONSULTORA\PROGRAMAS\WS_FTP\para subir o bajar\investiment-9001\xls\FORM-028-ENTREGA-EPP.html --> www.sistemaiso.net /investment.sistemaiso.net/xls FORM-028-ENTREGA-EPP.html
2026.01.29 11:53 B C:\Users\nova1\OneDrive\Escritorio\SEATAM CONSULTORA\PROGRAMAS\WS_FTP\para subir o bajar\investiment-9001\xls\FORM-029-Registro-Entrega-EPI-Completo.html --> www.sistemaiso.net /investment.sistemaiso.net/xls FORM-029-Registro-Entrega-EPI-Completo.html
2026.01.29 11:53 B C:\Users\nova1\OneDrive\Escritorio\SEATAM CONSULTORA\PROGRAMAS\WS_FTP\para subir o bajar\investiment-9001\xls\FORM-030-REGISTRO-DE-ACCIDENTES-E-INCIDENTES.html --> www.sistemaiso.net /investment.sistemaiso.net/xls FORM-030-REGISTRO-DE-ACCIDENTES-E-INCIDENTES.html
2026.01.29 11:53 B C:\Users\nova1\OneDrive\Escritorio\SEATAM CONSULTORA\PROGRAMAS\WS_FTP\para subir o bajar\investiment-9001\xls\FORM-031-de-Kilometraje.html --> www.sistemaiso.net /investment.sistemaiso.net/xls FORM-031-de-Kilometraje.html
2026.01.29 11:53 B C:\Users\nova1\OneDrive\Escritorio\SEATAM CONSULTORA\PROGRAMAS\WS_FTP\para subir o bajar\investiment-9001\xls\FORM-032-Plan-de-Mantenimiento-de-Instalaciones.html --> www.sistemaiso.net /investment.sistemaiso.net/xls FORM-032-Plan-de-Mantenimiento-de-Instalaciones.html
2026.01.29 11:53 B C:\Users\nova1\OneDrive\Escritorio\SEATAM CONSULTORA\PROGRAMAS\WS_FTP\para subir o bajar\investiment-9001\xls\FORM-034-Matriz-trabajadores (2).html --> www.sistemaiso.net /investment.sistemaiso.net/xls FORM-034-Matriz-trabajadores (2).html
2026.01.29 11:53 B C:\Users\nova1\OneDrive\Escritorio\SEATAM CONSULTORA\PROGRAMAS\WS_FTP\para subir o bajar\investiment-9001\xls\FORM-035-Encuesta_Percepcion_Riesgos_Modelo_Español.html --> www.sistemaiso.net /investment.sistemaiso.net/xls FORM-035-Encuesta_Percepcion_Riesgos_Modelo_Español.html
2026.01.29 11:53 B C:\Users\nova1\OneDrive\Escritorio\SEATAM CONSULTORA\PROGRAMAS\WS_FTP\para subir o bajar\investiment-9001\xls\FORM-036-SIPOC.html --> www.sistemaiso.net /investment.sistemaiso.net/xls FORM-036-SIPOC.html
2026.01.29 11:53 B C:\Users\nova1\OneDrive\Escritorio\SEATAM CONSULTORA\PROGRAMAS\WS_FTP\para subir o bajar\investiment-9001\xls\FORM-RRHH-001-Plan-de-capacitacion.html --> www.sistemaiso.net /investment.sistemaiso.net/xls FORM-RRHH-001-Plan-de-capacitacion.html
2026.01.29 11:53 B C:\Users\nova1\OneDrive\Escritorio\SEATAM CONSULTORA\PROGRAMAS\WS_FTP\para subir o bajar\investiment-9001\xls\FORM-RRHH-002-Necesidades-de-Capacitacion.html --> www.sistemaiso.net /investment.sistemaiso.net/xls FORM-RRHH-002-Necesidades-de-Capacitacion.html
2026.01.29 11:53 B C:\Users\nova1\OneDrive\Escritorio\SEATAM CONSULTORA\PROGRAMAS\WS_FTP\para subir o bajar\investiment-9001\xls\FORM-RRHH-003-evaluacion-de-Desempeno.html --> www.sistemaiso.net /investment.sistemaiso.net/xls FORM-RRHH-003-evaluacion-de-Desempeno.html
2026.01.29 11:53 B C:\Users\nova1\OneDrive\Escritorio\SEATAM CONSULTORA\PROGRAMAS\WS_FTP\para subir o bajar\investiment-9001\xls\FORM-RRHH-004-Solicitud-de-Permiso.html --> www.sistemaiso.net /investment.sistemaiso.net/xls FORM-RRHH-004-Solicitud-de-Permiso.html
2026.01.29 11:53 B C:\Users\nova1\OneDrive\Escritorio\SEATAM CONSULTORA\PROGRAMAS\WS_FTP\para subir o bajar\investiment-9001\xls\index.html --> www.sistemaiso.net /investment.sistemaiso.net/xls index.html
2026.01.30 12:41 B C:\Users\nova1\OneDrive\Escritorio\SEATAM CONSULTORA\PROGRAMAS\WS_FTP\para subir o bajar\investiment-9001\xls\FORM-001-Quejas-y-Reclamos.html --> www.sistemaiso.net /investment.sistemaiso.net/xls FORM-001-Quejas-y-Reclamos.html
2026.01.30 12:41 B C:\Users\nova1\OneDrive\Escritorio\SEATAM CONSULTORA\PROGRAMAS\WS_FTP\para subir o bajar\investiment-9001\xls\FORM-002-Comunicacion-interna-y-externa.html --> www.sistemaiso.net /investment.sistemaiso.net/xls FORM-002-Comunicacion-interna-y-externa.html
2026.01.30 12:41 B C:\Users\nova1\OneDrive\Escritorio\SEATAM CONSULTORA\PROGRAMAS\WS_FTP\para subir o bajar\investiment-9001\xls\FORM-004-Calibracion-de-equipos.html --> www.sistemaiso.net /investment.sistemaiso.net/xls FORM-004-Calibracion-de-equipos.html
2026.01.30 12:41 B C:\Users\nova1\OneDrive\Escritorio\SEATAM CONSULTORA\PROGRAMAS\WS_FTP\para subir o bajar\investiment-9001\xls\FORM-008-Registro-No-Conformidad-Oportunidades.html --> www.sistemaiso.net /investment.sistemaiso.net/xls FORM-008-Registro-No-Conformidad-Oportunidades.html
2026.01.30 12:41 B C:\Users\nova1\OneDrive\Escritorio\SEATAM CONSULTORA\PROGRAMAS\WS_FTP\para subir o bajar\investiment-9001\xls\FORM-011-programa-de-auditoria-interna.html --> www.sistemaiso.net /investment.sistemaiso.net/xls FORM-011-programa-de-auditoria-interna.html
2026.01.30 12:41 B C:\Users\nova1\OneDrive\Escritorio\SEATAM CONSULTORA\PROGRAMAS\WS_FTP\para subir o bajar\investiment-9001\xls\FORM-016-MATRIZ-DE-ASPECTOS-E-IMPACTOS-AMBIENTALES.html --> www.sistemaiso.net /investment.sistemaiso.net/xls FORM-016-MATRIZ-DE-ASPECTOS-E-IMPACTOS-AMBIENTALES.html
2026.01.30 12:41 B C:\Users\nova1\OneDrive\Escritorio\SEATAM CONSULTORA\PROGRAMAS\WS_FTP\para subir o bajar\investiment-9001\xls\FORM-020-PROGRAMA-DE-REVISION-POR-LA-GERENCIA-ESTRATEGICA.html --> www.sistemaiso.net /investment.sistemaiso.net/xls FORM-020-PROGRAMA-DE-REVISION-POR-LA-GERENCIA-ESTRATEGICA.html
2026.01.30 12:41 B C:\Users\nova1\OneDrive\Escritorio\SEATAM CONSULTORA\PROGRAMAS\WS_FTP\para subir o bajar\investiment-9001\xls\FORM-021-Programa-de-capacitacion-en-syso.html --> www.sistemaiso.net /investment.sistemaiso.net/xls FORM-021-Programa-de-capacitacion-en-syso.html
2026.01.30 12:41 B C:\Users\nova1\OneDrive\Escritorio\SEATAM CONSULTORA\PROGRAMAS\WS_FTP\para subir o bajar\investiment-9001\xls\FORM-022-Encuesta-Satisfaccion-Cliente.html --> www.sistemaiso.net /investment.sistemaiso.net/xls FORM-022-Encuesta-Satisfaccion-Cliente.html
2026.01.30 12:41 B C:\Users\nova1\OneDrive\Escritorio\SEATAM CONSULTORA\PROGRAMAS\WS_FTP\para subir o bajar\investiment-9001\xls\FORM-023-CERTIFICADO-DE-ANALISIS-DE-CALIDAD.html --> www.sistemaiso.net /investment.sistemaiso.net/xls FORM-023-CERTIFICADO-DE-ANALISIS-DE-CALIDAD.html
2026.01.30 12:41 B C:\Users\nova1\OneDrive\Escritorio\SEATAM CONSULTORA\PROGRAMAS\WS_FTP\para subir o bajar\investiment-9001\xls\FORM-024-EVALUACION-DE-CAPACITACION.html --> www.sistemaiso.net /investment.sistemaiso.net/xls FORM-024-EVALUACION-DE-CAPACITACION.html
2026.01.30 12:41 B C:\Users\nova1\OneDrive\Escritorio\SEATAM CONSULTORA\PROGRAMAS\WS_FTP\para subir o bajar\investiment-9001\xls\FORM-025-CONSULTA-O-RETIRO-DE-DOCUMENTOS-INACTIVOS.html --> www.sistemaiso.net /investment.sistemaiso.net/xls FORM-025-CONSULTA-O-RETIRO-DE-DOCUMENTOS-INACTIVOS.html
2026.01.30 12:41 B C:\Users\nova1\OneDrive\Escritorio\SEATAM CONSULTORA\PROGRAMAS\WS_FTP\para subir o bajar\investiment-9001\xls\FORM-026-PLANIFICACION-DE-LOS-CAMBIOS.html --> www.sistemaiso.net /investment.sistemaiso.net/xls FORM-026-PLANIFICACION-DE-LOS-CAMBIOS.html
2026.01.30 12:41 B C:\Users\nova1\OneDrive\Escritorio\SEATAM CONSULTORA\PROGRAMAS\WS_FTP\para subir o bajar\investiment-9001\xls\FORM-027-INVENTARIO-DE-DOCUMENTOS-INACTIVOS.html --> www.sistemaiso.net /investment.sistemaiso.net/xls FORM-027-INVENTARIO-DE-DOCUMENTOS-INACTIVOS.html
2026.01.30 12:41 B C:\Users\nova1\OneDrive\Escritorio\SEATAM CONSULTORA\PROGRAMAS\WS_FTP\para subir o bajar\investiment-9001\xls\FORM-028-ENTREGA-EPP.html --> www.sistemaiso.net /investment.sistemaiso.net/xls FORM-028-ENTREGA-EPP.html
2026.01.30 12:41 B C:\Users\nova1\OneDrive\Escritorio\SEATAM CONSULTORA\PROGRAMAS\WS_FTP\para subir o bajar\investiment-9001\xls\FORM-029-Registro-Entrega-EPI-Completo.html --> www.sistemaiso.net /investment.sistemaiso.net/xls FORM-029-Registro-Entrega-EPI-Completo.html
2026.01.30 12:41 B C:\Users\nova1\OneDrive\Escritorio\SEATAM CONSULTORA\PROGRAMAS\WS_FTP\para subir o bajar\investiment-9001\xls\FORM-030-REGISTRO-DE-ACCIDENTES-E-INCIDENTES.html --> www.sistemaiso.net /investment.sistemaiso.net/xls FORM-030-REGISTRO-DE-ACCIDENTES-E-INCIDENTES.html
2026.01.30 12:41 B C:\Users\nova1\OneDrive\Escritorio\SEATAM CONSULTORA\PROGRAMAS\WS_FTP\para subir o bajar\investiment-9001\xls\FORM-031-de-Kilometraje.html --> www.sistemaiso.net /investment.sistemaiso.net/xls FORM-031-de-Kilometraje.html
2026.01.30 12:41 B C:\Users\nova1\OneDrive\Escritorio\SEATAM CONSULTORA\PROGRAMAS\WS_FTP\para subir o bajar\investiment-9001\xls\FORM-032-Plan-de-Mantenimiento-de-Instalaciones.html --> www.sistemaiso.net /investment.sistemaiso.net/xls FORM-032-Plan-de-Mantenimiento-de-Instalaciones.html
2026.01.30 12:41 B C:\Users\nova1\OneDrive\Escritorio\SEATAM CONSULTORA\PROGRAMAS\WS_FTP\para subir o bajar\investiment-9001\xls\FORM-034-Matriz-trabajadores (2).html --> www.sistemaiso.net /investment.sistemaiso.net/xls FORM-034-Matriz-trabajadores (2).html
2026.01.30 12:41 B C:\Users\nova1\OneDrive\Escritorio\SEATAM CONSULTORA\PROGRAMAS\WS_FTP\para subir o bajar\investiment-9001\xls\FORM-035-Encuesta_Percepcion_Riesgos_Modelo_Español.html --> www.sistemaiso.net /investment.sistemaiso.net/xls FORM-035-Encuesta_Percepcion_Riesgos_Modelo_Español.html
2026.01.30 12:41 B C:\Users\nova1\OneDrive\Escritorio\SEATAM CONSULTORA\PROGRAMAS\WS_FTP\para subir o bajar\investiment-9001\xls\FORM-036-SIPOC.html --> www.sistemaiso.net /investment.sistemaiso.net/xls FORM-036-SIPOC.html
2026.01.30 12:41 B C:\Users\nova1\OneDrive\Escritorio\SEATAM CONSULTORA\PROGRAMAS\WS_FTP\para subir o bajar\investiment-9001\xls\FORM-RRHH-001-Plan-de-capacitacion.html --> www.sistemaiso.net /investment.sistemaiso.net/xls FORM-RRHH-001-Plan-de-capacitacion.html
2026.01.30 12:41 B C:\Users\nova1\OneDrive\Escritorio\SEATAM CONSULTORA\PROGRAMAS\WS_FTP\para subir o bajar\investiment-9001\xls\FORM-RRHH-002-Necesidades-de-Capacitacion.html --> www.sistemaiso.net /investment.sistemaiso.net/xls FORM-RRHH-002-Necesidades-de-Capacitacion.html
2026.01.30 12:41 B C:\Users\nova1\OneDrive\Escritorio\SEATAM CONSULTORA\PROGRAMAS\WS_FTP\para subir o bajar\investiment-9001\xls\FORM-RRHH-003-evaluacion-de-Desempeno.html --> www.sistemaiso.net /investment.sistemaiso.net/xls FORM-RRHH-003-evaluacion-de-Desempeno.html
2026.01.30 12:42 B C:\Users\nova1\OneDrive\Escritorio\SEATAM CONSULTORA\PROGRAMAS\WS_FTP\para subir o bajar\investiment-9001\xls\FORM-RRHH-004-Solicitud-de-Permiso.html --> www.sistemaiso.net /investment.sistemaiso.net/xls FORM-RRHH-004-Solicitud-de-Permiso.html
2026.01.30 12:42 B C:\Users\nova1\OneDrive\Escritorio\SEATAM CONSULTORA\PROGRAMAS\WS_FTP\para subir o bajar\investiment-9001\xls\index.html --> www.sistemaiso.net /investment.sistemaiso.net/xls index.html
2026.01.30 12:42 B C:\Users\nova1\OneDrive\Escritorio\SEATAM CONSULTORA\PROGRAMAS\WS_FTP\para subir o bajar\investiment-9001\xls\WS_FTP.LOG --> www.sistemaiso.net /investment.sistemaiso.net/xls WS_FTP.LOG
