2026.01.29 11:32 B C:\Users\nova1\OneDrive\Escritorio\SEATAM CONSULTORA\PROGRAMAS\WS_FTP\para subir o bajar\investiment-9001\html\10-1-Generalidades.html --> www.sistemaiso.net /investment.sistemaiso.net/html 10-1-Generalidades.html
2026.01.29 11:32 B C:\Users\nova1\OneDrive\Escritorio\SEATAM CONSULTORA\PROGRAMAS\WS_FTP\para subir o bajar\investiment-9001\html\10-2-No-conformidad-accion-correctiva.html --> www.sistemaiso.net /investment.sistemaiso.net/html 10-2-No-conformidad-accion-correctiva.html
2026.01.29 11:32 B C:\Users\nova1\OneDrive\Escritorio\SEATAM CONSULTORA\PROGRAMAS\WS_FTP\para subir o bajar\investiment-9001\html\10-3-Mejora-continua.html --> www.sistemaiso.net /investment.sistemaiso.net/html 10-3-Mejora-continua.html
2026.01.29 11:32 B C:\Users\nova1\OneDrive\Escritorio\SEATAM CONSULTORA\PROGRAMAS\WS_FTP\para subir o bajar\investiment-9001\html\10-MEJORA.html --> www.sistemaiso.net /investment.sistemaiso.net/html 10-MEJORA.html
2026.01.29 11:32 B C:\Users\nova1\OneDrive\Escritorio\SEATAM CONSULTORA\PROGRAMAS\WS_FTP\para subir o bajar\investiment-9001\html\4-1ContextodelaOrganizacion.html --> www.sistemaiso.net /investment.sistemaiso.net/html 4-1ContextodelaOrganizacion.html
2026.01.29 11:32 B C:\Users\nova1\OneDrive\Escritorio\SEATAM CONSULTORA\PROGRAMAS\WS_FTP\para subir o bajar\investiment-9001\html\4-2-Comprensiondelasnecesidades.html --> www.sistemaiso.net /investment.sistemaiso.net/html 4-2-Comprensiondelasnecesidades.html
2026.01.29 11:32 B C:\Users\nova1\OneDrive\Escritorio\SEATAM CONSULTORA\PROGRAMAS\WS_FTP\para subir o bajar\investiment-9001\html\4-3-Alcance.html --> www.sistemaiso.net /investment.sistemaiso.net/html 4-3-Alcance.html
2026.01.29 11:32 B C:\Users\nova1\OneDrive\Escritorio\SEATAM CONSULTORA\PROGRAMAS\WS_FTP\para subir o bajar\investiment-9001\html\4-4-SGC-procesos.html --> www.sistemaiso.net /investment.sistemaiso.net/html 4-4-SGC-procesos.html
2026.01.29 11:32 B C:\Users\nova1\OneDrive\Escritorio\SEATAM CONSULTORA\PROGRAMAS\WS_FTP\para subir o bajar\investiment-9001\html\4-Contexto.html --> www.sistemaiso.net /investment.sistemaiso.net/html 4-Contexto.html
2026.01.29 11:32 B C:\Users\nova1\OneDrive\Escritorio\SEATAM CONSULTORA\PROGRAMAS\WS_FTP\para subir o bajar\investiment-9001\html\5-1-Liderazgo-compromiso.html --> www.sistemaiso.net /investment.sistemaiso.net/html 5-1-Liderazgo-compromiso.html
2026.01.29 11:32 B C:\Users\nova1\OneDrive\Escritorio\SEATAM CONSULTORA\PROGRAMAS\WS_FTP\para subir o bajar\investiment-9001\html\5-2-Politica-calidad.html --> www.sistemaiso.net /investment.sistemaiso.net/html 5-2-Politica-calidad.html
2026.01.29 11:32 B C:\Users\nova1\OneDrive\Escritorio\SEATAM CONSULTORA\PROGRAMAS\WS_FTP\para subir o bajar\investiment-9001\html\5-3-Roles-responsabilidades-autoridades.html --> www.sistemaiso.net /investment.sistemaiso.net/html 5-3-Roles-responsabilidades-autoridades.html
2026.01.29 11:32 B C:\Users\nova1\OneDrive\Escritorio\SEATAM CONSULTORA\PROGRAMAS\WS_FTP\para subir o bajar\investiment-9001\html\5-LIDERAZGO.html --> www.sistemaiso.net /investment.sistemaiso.net/html 5-LIDERAZGO.html
2026.01.29 11:32 B C:\Users\nova1\OneDrive\Escritorio\SEATAM CONSULTORA\PROGRAMAS\WS_FTP\para subir o bajar\investiment-9001\html\5.4-consultas-y-participación-SYSO.html --> www.sistemaiso.net /investment.sistemaiso.net/html 5.4-consultas-y-participación-SYSO.html
2026.01.29 11:32 B C:\Users\nova1\OneDrive\Escritorio\SEATAM CONSULTORA\PROGRAMAS\WS_FTP\para subir o bajar\investiment-9001\html\6-1-Acciones-riesgos-oportunidades.html --> www.sistemaiso.net /investment.sistemaiso.net/html 6-1-Acciones-riesgos-oportunidades.html
2026.01.29 11:32 B C:\Users\nova1\OneDrive\Escritorio\SEATAM CONSULTORA\PROGRAMAS\WS_FTP\para subir o bajar\investiment-9001\html\6-2-Objetivos-calidad-planificacion.html --> www.sistemaiso.net /investment.sistemaiso.net/html 6-2-Objetivos-calidad-planificacion.html
2026.01.29 11:32 B C:\Users\nova1\OneDrive\Escritorio\SEATAM CONSULTORA\PROGRAMAS\WS_FTP\para subir o bajar\investiment-9001\html\6-3-planificacion-cambios.html --> www.sistemaiso.net /investment.sistemaiso.net/html 6-3-planificacion-cambios.html
2026.01.29 11:32 B C:\Users\nova1\OneDrive\Escritorio\SEATAM CONSULTORA\PROGRAMAS\WS_FTP\para subir o bajar\investiment-9001\html\6-planificacion.html --> www.sistemaiso.net /investment.sistemaiso.net/html 6-planificacion.html
2026.01.29 11:32 B C:\Users\nova1\OneDrive\Escritorio\SEATAM CONSULTORA\PROGRAMAS\WS_FTP\para subir o bajar\investiment-9001\html\7-2-Competencia.html --> www.sistemaiso.net /investment.sistemaiso.net/html 7-2-Competencia.html
2026.01.29 11:32 B C:\Users\nova1\OneDrive\Escritorio\SEATAM CONSULTORA\PROGRAMAS\WS_FTP\para subir o bajar\investiment-9001\html\7-3-Conciencia.html --> www.sistemaiso.net /investment.sistemaiso.net/html 7-3-Conciencia.html
2026.01.29 11:32 B C:\Users\nova1\OneDrive\Escritorio\SEATAM CONSULTORA\PROGRAMAS\WS_FTP\para subir o bajar\investiment-9001\html\7-4-Comunicacion.html --> www.sistemaiso.net /investment.sistemaiso.net/html 7-4-Comunicacion.html
2026.01.29 11:32 B C:\Users\nova1\OneDrive\Escritorio\SEATAM CONSULTORA\PROGRAMAS\WS_FTP\para subir o bajar\investiment-9001\html\7-5-Informacion-documentada.html --> www.sistemaiso.net /investment.sistemaiso.net/html 7-5-Informacion-documentada.html
2026.01.29 11:32 B C:\Users\nova1\OneDrive\Escritorio\SEATAM CONSULTORA\PROGRAMAS\WS_FTP\para subir o bajar\investiment-9001\html\7-APOYO.html --> www.sistemaiso.net /investment.sistemaiso.net/html 7-APOYO.html
2026.01.29 11:32 B C:\Users\nova1\OneDrive\Escritorio\SEATAM CONSULTORA\PROGRAMAS\WS_FTP\para subir o bajar\investiment-9001\html\8-1-Planificacion-control-operacional.html --> www.sistemaiso.net /investment.sistemaiso.net/html 8-1-Planificacion-control-operacional.html
2026.01.29 11:32 B C:\Users\nova1\OneDrive\Escritorio\SEATAM CONSULTORA\PROGRAMAS\WS_FTP\para subir o bajar\investiment-9001\html\8-2-Requisitos-productos-servicios.html --> www.sistemaiso.net /investment.sistemaiso.net/html 8-2-Requisitos-productos-servicios.html
2026.01.29 11:32 B C:\Users\nova1\OneDrive\Escritorio\SEATAM CONSULTORA\PROGRAMAS\WS_FTP\para subir o bajar\investiment-9001\html\8-3-Diseno-desarrollo-productos-servicios.html --> www.sistemaiso.net /investment.sistemaiso.net/html 8-3-Diseno-desarrollo-productos-servicios.html
2026.01.29 11:32 B C:\Users\nova1\OneDrive\Escritorio\SEATAM CONSULTORA\PROGRAMAS\WS_FTP\para subir o bajar\investiment-9001\html\8-4-Control-procesos-externos.html --> www.sistemaiso.net /investment.sistemaiso.net/html 8-4-Control-procesos-externos.html
2026.01.29 11:32 B C:\Users\nova1\OneDrive\Escritorio\SEATAM CONSULTORA\PROGRAMAS\WS_FTP\para subir o bajar\investiment-9001\html\8-5-Produccion-prestacion-servicios.html --> www.sistemaiso.net /investment.sistemaiso.net/html 8-5-Produccion-prestacion-servicios.html
2026.01.29 11:32 B C:\Users\nova1\OneDrive\Escritorio\SEATAM CONSULTORA\PROGRAMAS\WS_FTP\para subir o bajar\investiment-9001\html\8-6-Liberacion-productos-servicios.html --> www.sistemaiso.net /investment.sistemaiso.net/html 8-6-Liberacion-productos-servicios.html
2026.01.29 11:32 B C:\Users\nova1\OneDrive\Escritorio\SEATAM CONSULTORA\PROGRAMAS\WS_FTP\para subir o bajar\investiment-9001\html\8-7-Control-salidas-no-conformes.html --> www.sistemaiso.net /investment.sistemaiso.net/html 8-7-Control-salidas-no-conformes.html
2026.01.29 11:32 B C:\Users\nova1\OneDrive\Escritorio\SEATAM CONSULTORA\PROGRAMAS\WS_FTP\para subir o bajar\investiment-9001\html\8-operacion.html --> www.sistemaiso.net /investment.sistemaiso.net/html 8-operacion.html
2026.01.29 11:32 B C:\Users\nova1\OneDrive\Escritorio\SEATAM CONSULTORA\PROGRAMAS\WS_FTP\para subir o bajar\investiment-9001\html\9-1-Seguimiento-medicion-analisis-evaluacion.html --> www.sistemaiso.net /investment.sistemaiso.net/html 9-1-Seguimiento-medicion-analisis-evaluacion.html
2026.01.29 11:32 B C:\Users\nova1\OneDrive\Escritorio\SEATAM CONSULTORA\PROGRAMAS\WS_FTP\para subir o bajar\investiment-9001\html\9-2-Auditoria-interna.html --> www.sistemaiso.net /investment.sistemaiso.net/html 9-2-Auditoria-interna.html
2026.01.29 11:32 B C:\Users\nova1\OneDrive\Escritorio\SEATAM CONSULTORA\PROGRAMAS\WS_FTP\para subir o bajar\investiment-9001\html\9-3-Revision-direccion.html --> www.sistemaiso.net /investment.sistemaiso.net/html 9-3-Revision-direccion.html
2026.01.29 11:32 B C:\Users\nova1\OneDrive\Escritorio\SEATAM CONSULTORA\PROGRAMAS\WS_FTP\para subir o bajar\investiment-9001\html\9-evaluacion-del-desepenno.html --> www.sistemaiso.net /investment.sistemaiso.net/html 9-evaluacion-del-desepenno.html
2026.01.29 11:32 B C:\Users\nova1\OneDrive\Escritorio\SEATAM CONSULTORA\PROGRAMAS\WS_FTP\para subir o bajar\investiment-9001\html\ADMCambioClimatico.html --> www.sistemaiso.net /investment.sistemaiso.net/html ADMCambioClimatico.html
2026.01.29 11:32 B C:\Users\nova1\OneDrive\Escritorio\SEATAM CONSULTORA\PROGRAMAS\WS_FTP\para subir o bajar\investiment-9001\html\apresentacao.html --> www.sistemaiso.net /investment.sistemaiso.net/html apresentacao.html
2026.01.29 11:32 B C:\Users\nova1\OneDrive\Escritorio\SEATAM CONSULTORA\PROGRAMAS\WS_FTP\para subir o bajar\investiment-9001\html\auditoria-interna.html --> www.sistemaiso.net /investment.sistemaiso.net/html auditoria-interna.html
2026.01.29 11:32 B C:\Users\nova1\OneDrive\Escritorio\SEATAM CONSULTORA\PROGRAMAS\WS_FTP\para subir o bajar\investiment-9001\html\Calendario.html --> www.sistemaiso.net /investment.sistemaiso.net/html Calendario.html
2026.01.29 11:32 B C:\Users\nova1\OneDrive\Escritorio\SEATAM CONSULTORA\PROGRAMAS\WS_FTP\para subir o bajar\investiment-9001\html\certificados.html --> www.sistemaiso.net /investment.sistemaiso.net/html certificados.html
2026.01.29 11:32 B C:\Users\nova1\OneDrive\Escritorio\SEATAM CONSULTORA\PROGRAMAS\WS_FTP\para subir o bajar\investiment-9001\html\Clausulas.html --> www.sistemaiso.net /investment.sistemaiso.net/html Clausulas.html
2026.01.29 11:32 B C:\Users\nova1\OneDrive\Escritorio\SEATAM CONSULTORA\PROGRAMAS\WS_FTP\para subir o bajar\investiment-9001\html\comousarmanual.html --> www.sistemaiso.net /investment.sistemaiso.net/html comousarmanual.html
2026.01.29 11:32 B C:\Users\nova1\OneDrive\Escritorio\SEATAM CONSULTORA\PROGRAMAS\WS_FTP\para subir o bajar\investiment-9001\html\cursos.html --> www.sistemaiso.net /investment.sistemaiso.net/html cursos.html
2026.01.29 11:32 B C:\Users\nova1\OneDrive\Escritorio\SEATAM CONSULTORA\PROGRAMAS\WS_FTP\para subir o bajar\investiment-9001\html\indice_documental_moderno.html --> www.sistemaiso.net /investment.sistemaiso.net/html indice_documental_moderno.html
2026.01.29 11:32 B C:\Users\nova1\OneDrive\Escritorio\SEATAM CONSULTORA\PROGRAMAS\WS_FTP\para subir o bajar\investiment-9001\html\indicedocumentoseditables.html --> www.sistemaiso.net /investment.sistemaiso.net/html indicedocumentoseditables.html
2026.01.29 11:32 B C:\Users\nova1\OneDrive\Escritorio\SEATAM CONSULTORA\PROGRAMAS\WS_FTP\para subir o bajar\investiment-9001\html\Iniciooriginal.html --> www.sistemaiso.net /investment.sistemaiso.net/html Iniciooriginal.html
2026.01.29 11:32 B C:\Users\nova1\OneDrive\Escritorio\SEATAM CONSULTORA\PROGRAMAS\WS_FTP\para subir o bajar\investiment-9001\html\Manuales.html --> www.sistemaiso.net /investment.sistemaiso.net/html Manuales.html
2026.01.29 11:32 B C:\Users\nova1\OneDrive\Escritorio\SEATAM CONSULTORA\PROGRAMAS\WS_FTP\para subir o bajar\investiment-9001\html\poes.html --> www.sistemaiso.net /investment.sistemaiso.net/html poes.html
2026.01.29 11:32 B C:\Users\nova1\OneDrive\Escritorio\SEATAM CONSULTORA\PROGRAMAS\WS_FTP\para subir o bajar\investiment-9001\html\Sistema-de-Registros.html --> www.sistemaiso.net /investment.sistemaiso.net/html Sistema-de-Registros.html
2026.01.30 12:11 B C:\Users\nova1\OneDrive\Escritorio\SEATAM CONSULTORA\PROGRAMAS\WS_FTP\para subir o bajar\investiment-9001\html\10-1-Generalidades.html --> www.sistemaiso.net /investment.sistemaiso.net/html 10-1-Generalidades.html
2026.01.30 12:11 B C:\Users\nova1\OneDrive\Escritorio\SEATAM CONSULTORA\PROGRAMAS\WS_FTP\para subir o bajar\investiment-9001\html\10-2-No-conformidad-accion-correctiva.html --> www.sistemaiso.net /investment.sistemaiso.net/html 10-2-No-conformidad-accion-correctiva.html
2026.01.30 12:11 B C:\Users\nova1\OneDrive\Escritorio\SEATAM CONSULTORA\PROGRAMAS\WS_FTP\para subir o bajar\investiment-9001\html\10-3-Mejora-continua.html --> www.sistemaiso.net /investment.sistemaiso.net/html 10-3-Mejora-continua.html
2026.01.30 12:11 B C:\Users\nova1\OneDrive\Escritorio\SEATAM CONSULTORA\PROGRAMAS\WS_FTP\para subir o bajar\investiment-9001\html\10-MEJORA.html --> www.sistemaiso.net /investment.sistemaiso.net/html 10-MEJORA.html
2026.01.30 12:11 B C:\Users\nova1\OneDrive\Escritorio\SEATAM CONSULTORA\PROGRAMAS\WS_FTP\para subir o bajar\investiment-9001\html\4-1ContextodelaOrganizacion.html --> www.sistemaiso.net /investment.sistemaiso.net/html 4-1ContextodelaOrganizacion.html
2026.01.30 12:11 B C:\Users\nova1\OneDrive\Escritorio\SEATAM CONSULTORA\PROGRAMAS\WS_FTP\para subir o bajar\investiment-9001\html\4-2-Comprensiondelasnecesidades.html --> www.sistemaiso.net /investment.sistemaiso.net/html 4-2-Comprensiondelasnecesidades.html
2026.01.30 12:11 B C:\Users\nova1\OneDrive\Escritorio\SEATAM CONSULTORA\PROGRAMAS\WS_FTP\para subir o bajar\investiment-9001\html\4-3-Alcance.html --> www.sistemaiso.net /investment.sistemaiso.net/html 4-3-Alcance.html
2026.01.30 12:11 B C:\Users\nova1\OneDrive\Escritorio\SEATAM CONSULTORA\PROGRAMAS\WS_FTP\para subir o bajar\investiment-9001\html\4-4-SGC-procesos.html --> www.sistemaiso.net /investment.sistemaiso.net/html 4-4-SGC-procesos.html
2026.01.30 12:11 B C:\Users\nova1\OneDrive\Escritorio\SEATAM CONSULTORA\PROGRAMAS\WS_FTP\para subir o bajar\investiment-9001\html\4-Contexto.html --> www.sistemaiso.net /investment.sistemaiso.net/html 4-Contexto.html
2026.01.30 12:11 B C:\Users\nova1\OneDrive\Escritorio\SEATAM CONSULTORA\PROGRAMAS\WS_FTP\para subir o bajar\investiment-9001\html\5-1-Liderazgo-compromiso.html --> www.sistemaiso.net /investment.sistemaiso.net/html 5-1-Liderazgo-compromiso.html
2026.01.30 12:11 B C:\Users\nova1\OneDrive\Escritorio\SEATAM CONSULTORA\PROGRAMAS\WS_FTP\para subir o bajar\investiment-9001\html\5-2-Politica-calidad.html --> www.sistemaiso.net /investment.sistemaiso.net/html 5-2-Politica-calidad.html
2026.01.30 12:11 B C:\Users\nova1\OneDrive\Escritorio\SEATAM CONSULTORA\PROGRAMAS\WS_FTP\para subir o bajar\investiment-9001\html\5-3-Roles-responsabilidades-autoridades.html --> www.sistemaiso.net /investment.sistemaiso.net/html 5-3-Roles-responsabilidades-autoridades.html
2026.01.30 12:11 B C:\Users\nova1\OneDrive\Escritorio\SEATAM CONSULTORA\PROGRAMAS\WS_FTP\para subir o bajar\investiment-9001\html\5-LIDERAZGO.html --> www.sistemaiso.net /investment.sistemaiso.net/html 5-LIDERAZGO.html
2026.01.30 12:11 B C:\Users\nova1\OneDrive\Escritorio\SEATAM CONSULTORA\PROGRAMAS\WS_FTP\para subir o bajar\investiment-9001\html\5.4-consultas-y-participación-SYSO.html --> www.sistemaiso.net /investment.sistemaiso.net/html 5.4-consultas-y-participación-SYSO.html
2026.01.30 12:11 B C:\Users\nova1\OneDrive\Escritorio\SEATAM CONSULTORA\PROGRAMAS\WS_FTP\para subir o bajar\investiment-9001\html\6-1-Acciones-riesgos-oportunidades.html --> www.sistemaiso.net /investment.sistemaiso.net/html 6-1-Acciones-riesgos-oportunidades.html
2026.01.30 12:11 B C:\Users\nova1\OneDrive\Escritorio\SEATAM CONSULTORA\PROGRAMAS\WS_FTP\para subir o bajar\investiment-9001\html\6-2-Objetivos-calidad-planificacion.html --> www.sistemaiso.net /investment.sistemaiso.net/html 6-2-Objetivos-calidad-planificacion.html
2026.01.30 12:11 B C:\Users\nova1\OneDrive\Escritorio\SEATAM CONSULTORA\PROGRAMAS\WS_FTP\para subir o bajar\investiment-9001\html\6-3-planificacion-cambios.html --> www.sistemaiso.net /investment.sistemaiso.net/html 6-3-planificacion-cambios.html
2026.01.30 12:11 B C:\Users\nova1\OneDrive\Escritorio\SEATAM CONSULTORA\PROGRAMAS\WS_FTP\para subir o bajar\investiment-9001\html\6-planificacion.html --> www.sistemaiso.net /investment.sistemaiso.net/html 6-planificacion.html
2026.01.30 12:11 B C:\Users\nova1\OneDrive\Escritorio\SEATAM CONSULTORA\PROGRAMAS\WS_FTP\para subir o bajar\investiment-9001\html\7-2-Competencia.html --> www.sistemaiso.net /investment.sistemaiso.net/html 7-2-Competencia.html
2026.01.30 12:11 B C:\Users\nova1\OneDrive\Escritorio\SEATAM CONSULTORA\PROGRAMAS\WS_FTP\para subir o bajar\investiment-9001\html\7-3-Conciencia.html --> www.sistemaiso.net /investment.sistemaiso.net/html 7-3-Conciencia.html
2026.01.30 12:11 B C:\Users\nova1\OneDrive\Escritorio\SEATAM CONSULTORA\PROGRAMAS\WS_FTP\para subir o bajar\investiment-9001\html\7-4-Comunicacion.html --> www.sistemaiso.net /investment.sistemaiso.net/html 7-4-Comunicacion.html
2026.01.30 12:11 B C:\Users\nova1\OneDrive\Escritorio\SEATAM CONSULTORA\PROGRAMAS\WS_FTP\para subir o bajar\investiment-9001\html\7-5-Informacion-documentada.html --> www.sistemaiso.net /investment.sistemaiso.net/html 7-5-Informacion-documentada.html
2026.01.30 12:11 B C:\Users\nova1\OneDrive\Escritorio\SEATAM CONSULTORA\PROGRAMAS\WS_FTP\para subir o bajar\investiment-9001\html\7-APOYO.html --> www.sistemaiso.net /investment.sistemaiso.net/html 7-APOYO.html
2026.01.30 12:11 B C:\Users\nova1\OneDrive\Escritorio\SEATAM CONSULTORA\PROGRAMAS\WS_FTP\para subir o bajar\investiment-9001\html\8-1-Planificacion-control-operacional.html --> www.sistemaiso.net /investment.sistemaiso.net/html 8-1-Planificacion-control-operacional.html
2026.01.30 12:11 B C:\Users\nova1\OneDrive\Escritorio\SEATAM CONSULTORA\PROGRAMAS\WS_FTP\para subir o bajar\investiment-9001\html\8-2-Requisitos-productos-servicios.html --> www.sistemaiso.net /investment.sistemaiso.net/html 8-2-Requisitos-productos-servicios.html
2026.01.30 12:11 B C:\Users\nova1\OneDrive\Escritorio\SEATAM CONSULTORA\PROGRAMAS\WS_FTP\para subir o bajar\investiment-9001\html\8-3-Diseno-desarrollo-productos-servicios.html --> www.sistemaiso.net /investment.sistemaiso.net/html 8-3-Diseno-desarrollo-productos-servicios.html
2026.01.30 12:11 B C:\Users\nova1\OneDrive\Escritorio\SEATAM CONSULTORA\PROGRAMAS\WS_FTP\para subir o bajar\investiment-9001\html\8-4-Control-procesos-externos.html --> www.sistemaiso.net /investment.sistemaiso.net/html 8-4-Control-procesos-externos.html
2026.01.30 12:11 B C:\Users\nova1\OneDrive\Escritorio\SEATAM CONSULTORA\PROGRAMAS\WS_FTP\para subir o bajar\investiment-9001\html\8-5-Produccion-prestacion-servicios.html --> www.sistemaiso.net /investment.sistemaiso.net/html 8-5-Produccion-prestacion-servicios.html
2026.01.30 12:11 B C:\Users\nova1\OneDrive\Escritorio\SEATAM CONSULTORA\PROGRAMAS\WS_FTP\para subir o bajar\investiment-9001\html\8-6-Liberacion-productos-servicios.html --> www.sistemaiso.net /investment.sistemaiso.net/html 8-6-Liberacion-productos-servicios.html
2026.01.30 12:11 B C:\Users\nova1\OneDrive\Escritorio\SEATAM CONSULTORA\PROGRAMAS\WS_FTP\para subir o bajar\investiment-9001\html\8-7-Control-salidas-no-conformes.html --> www.sistemaiso.net /investment.sistemaiso.net/html 8-7-Control-salidas-no-conformes.html
2026.01.30 12:11 B C:\Users\nova1\OneDrive\Escritorio\SEATAM CONSULTORA\PROGRAMAS\WS_FTP\para subir o bajar\investiment-9001\html\8-operacion.html --> www.sistemaiso.net /investment.sistemaiso.net/html 8-operacion.html
2026.01.30 12:11 B C:\Users\nova1\OneDrive\Escritorio\SEATAM CONSULTORA\PROGRAMAS\WS_FTP\para subir o bajar\investiment-9001\html\9-1-Seguimiento-medicion-analisis-evaluacion.html --> www.sistemaiso.net /investment.sistemaiso.net/html 9-1-Seguimiento-medicion-analisis-evaluacion.html
2026.01.30 12:11 B C:\Users\nova1\OneDrive\Escritorio\SEATAM CONSULTORA\PROGRAMAS\WS_FTP\para subir o bajar\investiment-9001\html\9-2-Auditoria-interna.html --> www.sistemaiso.net /investment.sistemaiso.net/html 9-2-Auditoria-interna.html
2026.01.30 12:11 B C:\Users\nova1\OneDrive\Escritorio\SEATAM CONSULTORA\PROGRAMAS\WS_FTP\para subir o bajar\investiment-9001\html\9-3-Revision-direccion.html --> www.sistemaiso.net /investment.sistemaiso.net/html 9-3-Revision-direccion.html
2026.01.30 12:11 B C:\Users\nova1\OneDrive\Escritorio\SEATAM CONSULTORA\PROGRAMAS\WS_FTP\para subir o bajar\investiment-9001\html\9-evaluacion-del-desepenno.html --> www.sistemaiso.net /investment.sistemaiso.net/html 9-evaluacion-del-desepenno.html
2026.01.30 12:11 B C:\Users\nova1\OneDrive\Escritorio\SEATAM CONSULTORA\PROGRAMAS\WS_FTP\para subir o bajar\investiment-9001\html\ADMCambioClimatico.html --> www.sistemaiso.net /investment.sistemaiso.net/html ADMCambioClimatico.html
2026.01.30 12:11 B C:\Users\nova1\OneDrive\Escritorio\SEATAM CONSULTORA\PROGRAMAS\WS_FTP\para subir o bajar\investiment-9001\html\apresentacao.html --> www.sistemaiso.net /investment.sistemaiso.net/html apresentacao.html
2026.01.30 12:11 B C:\Users\nova1\OneDrive\Escritorio\SEATAM CONSULTORA\PROGRAMAS\WS_FTP\para subir o bajar\investiment-9001\html\auditoria-interna.html --> www.sistemaiso.net /investment.sistemaiso.net/html auditoria-interna.html
2026.01.30 12:11 B C:\Users\nova1\OneDrive\Escritorio\SEATAM CONSULTORA\PROGRAMAS\WS_FTP\para subir o bajar\investiment-9001\html\Calendario.html --> www.sistemaiso.net /investment.sistemaiso.net/html Calendario.html
2026.01.30 12:11 B C:\Users\nova1\OneDrive\Escritorio\SEATAM CONSULTORA\PROGRAMAS\WS_FTP\para subir o bajar\investiment-9001\html\certificados.html --> www.sistemaiso.net /investment.sistemaiso.net/html certificados.html
2026.01.30 12:11 B C:\Users\nova1\OneDrive\Escritorio\SEATAM CONSULTORA\PROGRAMAS\WS_FTP\para subir o bajar\investiment-9001\html\Clausulas.html --> www.sistemaiso.net /investment.sistemaiso.net/html Clausulas.html
2026.01.30 12:11 B C:\Users\nova1\OneDrive\Escritorio\SEATAM CONSULTORA\PROGRAMAS\WS_FTP\para subir o bajar\investiment-9001\html\comousarmanual.html --> www.sistemaiso.net /investment.sistemaiso.net/html comousarmanual.html
2026.01.30 12:11 B C:\Users\nova1\OneDrive\Escritorio\SEATAM CONSULTORA\PROGRAMAS\WS_FTP\para subir o bajar\investiment-9001\html\cursos.html --> www.sistemaiso.net /investment.sistemaiso.net/html cursos.html
2026.01.30 12:11 B C:\Users\nova1\OneDrive\Escritorio\SEATAM CONSULTORA\PROGRAMAS\WS_FTP\para subir o bajar\investiment-9001\html\indice_documental_moderno.html --> www.sistemaiso.net /investment.sistemaiso.net/html indice_documental_moderno.html
2026.01.30 12:11 B C:\Users\nova1\OneDrive\Escritorio\SEATAM CONSULTORA\PROGRAMAS\WS_FTP\para subir o bajar\investiment-9001\html\indicedocumentoseditables.html --> www.sistemaiso.net /investment.sistemaiso.net/html indicedocumentoseditables.html
2026.01.30 12:11 B C:\Users\nova1\OneDrive\Escritorio\SEATAM CONSULTORA\PROGRAMAS\WS_FTP\para subir o bajar\investiment-9001\html\Iniciooriginal.html --> www.sistemaiso.net /investment.sistemaiso.net/html Iniciooriginal.html
2026.01.30 12:11 B C:\Users\nova1\OneDrive\Escritorio\SEATAM CONSULTORA\PROGRAMAS\WS_FTP\para subir o bajar\investiment-9001\html\Manuales.html --> www.sistemaiso.net /investment.sistemaiso.net/html Manuales.html
2026.01.30 12:11 B C:\Users\nova1\OneDrive\Escritorio\SEATAM CONSULTORA\PROGRAMAS\WS_FTP\para subir o bajar\investiment-9001\html\poes.html --> www.sistemaiso.net /investment.sistemaiso.net/html poes.html
2026.01.30 12:12 B C:\Users\nova1\OneDrive\Escritorio\SEATAM CONSULTORA\PROGRAMAS\WS_FTP\para subir o bajar\investiment-9001\html\Sistema-de-Registros.html --> www.sistemaiso.net /investment.sistemaiso.net/html Sistema-de-Registros.html
2026.01.30 12:12 B C:\Users\nova1\OneDrive\Escritorio\SEATAM CONSULTORA\PROGRAMAS\WS_FTP\para subir o bajar\investiment-9001\html\WS_FTP.LOG --> www.sistemaiso.net /investment.sistemaiso.net/html WS_FTP.LOG
