2025.10.01 11:36 B C:\Users\nova1\OneDrive\Escritorio\WS_FTP\para subir o bajar\SGI - RED SERV\NormasISO\Certificados\Espanhol\14001-espan.pdf --> www.sistemaiso.net /redserv.sistemaiso.net/SGI - RED SERV/NormasISO/Certificados/Espanhol 14001-espan.pdf
2025.10.01 11:37 B C:\Users\nova1\OneDrive\Escritorio\WS_FTP\para subir o bajar\SGI - RED SERV\NormasISO\Certificados\Espanhol\14001-espan.png --> www.sistemaiso.net /redserv.sistemaiso.net/SGI - RED SERV/NormasISO/Certificados/Espanhol 14001-espan.png
2025.10.01 11:38 B C:\Users\nova1\OneDrive\Escritorio\WS_FTP\para subir o bajar\SGI - RED SERV\NormasISO\Certificados\Espanhol\45001-Espan.pdf --> www.sistemaiso.net /redserv.sistemaiso.net/SGI - RED SERV/NormasISO/Certificados/Espanhol 45001-Espan.pdf
2025.10.01 11:38 B C:\Users\nova1\OneDrive\Escritorio\WS_FTP\para subir o bajar\SGI - RED SERV\NormasISO\Certificados\Espanhol\45001-Espan.png --> www.sistemaiso.net /redserv.sistemaiso.net/SGI - RED SERV/NormasISO/Certificados/Espanhol 45001-Espan.png
2025.10.01 11:39 B C:\Users\nova1\OneDrive\Escritorio\WS_FTP\para subir o bajar\SGI - RED SERV\NormasISO\Certificados\Espanhol\90011-ESP.pdf --> www.sistemaiso.net /redserv.sistemaiso.net/SGI - RED SERV/NormasISO/Certificados/Espanhol 90011-ESP.pdf
2025.10.01 11:40 B C:\Users\nova1\OneDrive\Escritorio\WS_FTP\para subir o bajar\SGI - RED SERV\NormasISO\Certificados\Espanhol\90011-ESP.png --> www.sistemaiso.net /redserv.sistemaiso.net/SGI - RED SERV/NormasISO/Certificados/Espanhol 90011-ESP.png
2025.10.01 12:20 B C:\Users\nova1\OneDrive\Escritorio\WS_FTP\para subir o bajar\SGI - RED SERV\NormasISO\Certificados\Espanhol\14001-espan.pdf --> www.sistemaiso.net /redserv.sistemaiso.net/NormasISO/Certificados/Espanhol 14001-espan.pdf
2025.10.01 12:20 B C:\Users\nova1\OneDrive\Escritorio\WS_FTP\para subir o bajar\SGI - RED SERV\NormasISO\Certificados\Espanhol\14001-espan.png --> www.sistemaiso.net /redserv.sistemaiso.net/NormasISO/Certificados/Espanhol 14001-espan.png
2025.10.01 12:22 B C:\Users\nova1\OneDrive\Escritorio\WS_FTP\para subir o bajar\SGI - RED SERV\NormasISO\Certificados\Espanhol\45001-Espan.pdf --> www.sistemaiso.net /redserv.sistemaiso.net/NormasISO/Certificados/Espanhol 45001-Espan.pdf
2025.10.01 12:22 B C:\Users\nova1\OneDrive\Escritorio\WS_FTP\para subir o bajar\SGI - RED SERV\NormasISO\Certificados\Espanhol\45001-Espan.png --> www.sistemaiso.net /redserv.sistemaiso.net/NormasISO/Certificados/Espanhol 45001-Espan.png
2025.10.01 12:23 B C:\Users\nova1\OneDrive\Escritorio\WS_FTP\para subir o bajar\SGI - RED SERV\NormasISO\Certificados\Espanhol\90011-ESP.pdf --> www.sistemaiso.net /redserv.sistemaiso.net/NormasISO/Certificados/Espanhol 90011-ESP.pdf
2025.10.01 12:24 B C:\Users\nova1\OneDrive\Escritorio\WS_FTP\para subir o bajar\SGI - RED SERV\NormasISO\Certificados\Espanhol\90011-ESP.png --> www.sistemaiso.net /redserv.sistemaiso.net/NormasISO/Certificados/Espanhol 90011-ESP.png
2025.10.01 12:24 B C:\Users\nova1\OneDrive\Escritorio\WS_FTP\para subir o bajar\SGI - RED SERV\NormasISO\Certificados\Espanhol\WS_FTP.LOG --> www.sistemaiso.net /redserv.sistemaiso.net/NormasISO/Certificados/Espanhol WS_FTP.LOG
2026.01.29 11:48 B C:\Users\nova1\OneDrive\Escritorio\SEATAM CONSULTORA\PROGRAMAS\WS_FTP\para subir o bajar\investiment-9001\NormasISO\Certificados\Espanhol\90011-ESP.pdf --> www.sistemaiso.net /investment.sistemaiso.net/NormasISO/Certificados/Espanhol 90011-ESP.pdf
2026.01.29 11:49 B C:\Users\nova1\OneDrive\Escritorio\SEATAM CONSULTORA\PROGRAMAS\WS_FTP\para subir o bajar\investiment-9001\NormasISO\Certificados\Espanhol\90011-ESP.png --> www.sistemaiso.net /investment.sistemaiso.net/NormasISO/Certificados/Espanhol 90011-ESP.png
2026.01.29 11:49 B C:\Users\nova1\OneDrive\Escritorio\SEATAM CONSULTORA\PROGRAMAS\WS_FTP\para subir o bajar\investiment-9001\NormasISO\Certificados\Espanhol\WS_FTP.LOG --> www.sistemaiso.net /investment.sistemaiso.net/NormasISO/Certificados/Espanhol WS_FTP.LOG
2026.01.30 12:28 B C:\Users\nova1\OneDrive\Escritorio\SEATAM CONSULTORA\PROGRAMAS\WS_FTP\para subir o bajar\investiment-9001\NormasISO\Certificados\Espanhol\14001-espan.pdf --> www.sistemaiso.net /investment.sistemaiso.net/NormasISO/Certificados/Espanhol 14001-espan.pdf
2026.01.30 12:29 B C:\Users\nova1\OneDrive\Escritorio\SEATAM CONSULTORA\PROGRAMAS\WS_FTP\para subir o bajar\investiment-9001\NormasISO\Certificados\Espanhol\14001-espan.png --> www.sistemaiso.net /investment.sistemaiso.net/NormasISO/Certificados/Espanhol 14001-espan.png
2026.01.30 12:29 B C:\Users\nova1\OneDrive\Escritorio\SEATAM CONSULTORA\PROGRAMAS\WS_FTP\para subir o bajar\investiment-9001\NormasISO\Certificados\Espanhol\45001-Espan.pdf --> www.sistemaiso.net /investment.sistemaiso.net/NormasISO/Certificados/Espanhol 45001-Espan.pdf
2026.01.30 12:29 B C:\Users\nova1\OneDrive\Escritorio\SEATAM CONSULTORA\PROGRAMAS\WS_FTP\para subir o bajar\investiment-9001\NormasISO\Certificados\Espanhol\50001-Espan.png --> www.sistemaiso.net /investment.sistemaiso.net/NormasISO/Certificados/Espanhol 50001-Espan.png
2026.01.30 12:31 B C:\Users\nova1\OneDrive\Escritorio\SEATAM CONSULTORA\PROGRAMAS\WS_FTP\para subir o bajar\investiment-9001\NormasISO\Certificados\Espanhol\90011-ESP.pdf --> www.sistemaiso.net /investment.sistemaiso.net/NormasISO/Certificados/Espanhol 90011-ESP.pdf
2026.01.30 12:32 B C:\Users\nova1\OneDrive\Escritorio\SEATAM CONSULTORA\PROGRAMAS\WS_FTP\para subir o bajar\investiment-9001\NormasISO\Certificados\Espanhol\90011-ESP.png --> www.sistemaiso.net /investment.sistemaiso.net/NormasISO/Certificados/Espanhol 90011-ESP.png
2026.01.30 12:32 B C:\Users\nova1\OneDrive\Escritorio\SEATAM CONSULTORA\PROGRAMAS\WS_FTP\para subir o bajar\investiment-9001\NormasISO\Certificados\Espanhol\WS_FTP.LOG --> www.sistemaiso.net /investment.sistemaiso.net/NormasISO/Certificados/Espanhol WS_FTP.LOG
