2025.10.01 11:41 B C:\Users\nova1\OneDrive\Escritorio\WS_FTP\para subir o bajar\SGI - RED SERV\NormasISO\Certificados\Ingles\14001-ingles.pdf --> www.sistemaiso.net /redserv.sistemaiso.net/SGI - RED SERV/NormasISO/Certificados/Ingles 14001-ingles.pdf
2025.10.01 11:42 B C:\Users\nova1\OneDrive\Escritorio\WS_FTP\para subir o bajar\SGI - RED SERV\NormasISO\Certificados\Ingles\14001-inglesl.png --> www.sistemaiso.net /redserv.sistemaiso.net/SGI - RED SERV/NormasISO/Certificados/Ingles 14001-inglesl.png
2025.10.01 11:43 B C:\Users\nova1\OneDrive\Escritorio\WS_FTP\para subir o bajar\SGI - RED SERV\NormasISO\Certificados\Ingles\45001-ingles.pdf --> www.sistemaiso.net /redserv.sistemaiso.net/SGI - RED SERV/NormasISO/Certificados/Ingles 45001-ingles.pdf
2025.10.01 11:43 B C:\Users\nova1\OneDrive\Escritorio\WS_FTP\para subir o bajar\SGI - RED SERV\NormasISO\Certificados\Ingles\45001-ingles.png --> www.sistemaiso.net /redserv.sistemaiso.net/SGI - RED SERV/NormasISO/Certificados/Ingles 45001-ingles.png
2025.10.01 11:44 B C:\Users\nova1\OneDrive\Escritorio\WS_FTP\para subir o bajar\SGI - RED SERV\NormasISO\Certificados\Ingles\9001-ingles.pdf --> www.sistemaiso.net /redserv.sistemaiso.net/SGI - RED SERV/NormasISO/Certificados/Ingles 9001-ingles.pdf
2025.10.01 11:45 B C:\Users\nova1\OneDrive\Escritorio\WS_FTP\para subir o bajar\SGI - RED SERV\NormasISO\Certificados\Ingles\9001-Ingles.png --> www.sistemaiso.net /redserv.sistemaiso.net/SGI - RED SERV/NormasISO/Certificados/Ingles 9001-Ingles.png
2025.10.01 12:25 B C:\Users\nova1\OneDrive\Escritorio\WS_FTP\para subir o bajar\SGI - RED SERV\NormasISO\Certificados\Ingles\14001-ingles.pdf --> www.sistemaiso.net /redserv.sistemaiso.net/NormasISO/Certificados/Ingles 14001-ingles.pdf
2025.10.01 12:26 B C:\Users\nova1\OneDrive\Escritorio\WS_FTP\para subir o bajar\SGI - RED SERV\NormasISO\Certificados\Ingles\14001-inglesl.png --> www.sistemaiso.net /redserv.sistemaiso.net/NormasISO/Certificados/Ingles 14001-inglesl.png
2025.10.01 12:27 B C:\Users\nova1\OneDrive\Escritorio\WS_FTP\para subir o bajar\SGI - RED SERV\NormasISO\Certificados\Ingles\45001-ingles.pdf --> www.sistemaiso.net /redserv.sistemaiso.net/NormasISO/Certificados/Ingles 45001-ingles.pdf
2025.10.01 12:27 B C:\Users\nova1\OneDrive\Escritorio\WS_FTP\para subir o bajar\SGI - RED SERV\NormasISO\Certificados\Ingles\45001-ingles.png --> www.sistemaiso.net /redserv.sistemaiso.net/NormasISO/Certificados/Ingles 45001-ingles.png
2025.10.01 12:28 B C:\Users\nova1\OneDrive\Escritorio\WS_FTP\para subir o bajar\SGI - RED SERV\NormasISO\Certificados\Ingles\9001-ingles.pdf --> www.sistemaiso.net /redserv.sistemaiso.net/NormasISO/Certificados/Ingles 9001-ingles.pdf
2025.10.01 12:29 B C:\Users\nova1\OneDrive\Escritorio\WS_FTP\para subir o bajar\SGI - RED SERV\NormasISO\Certificados\Ingles\9001-Ingles.png --> www.sistemaiso.net /redserv.sistemaiso.net/NormasISO/Certificados/Ingles 9001-Ingles.png
2025.10.01 12:29 B C:\Users\nova1\OneDrive\Escritorio\WS_FTP\para subir o bajar\SGI - RED SERV\NormasISO\Certificados\Ingles\WS_FTP.LOG --> www.sistemaiso.net /redserv.sistemaiso.net/NormasISO/Certificados/Ingles WS_FTP.LOG
2026.01.29 11:49 B C:\Users\nova1\OneDrive\Escritorio\SEATAM CONSULTORA\PROGRAMAS\WS_FTP\para subir o bajar\investiment-9001\NormasISO\Certificados\Ingles\9001-ingles.pdf --> www.sistemaiso.net /investment.sistemaiso.net/NormasISO/Certificados/Ingles 9001-ingles.pdf
2026.01.29 11:50 B C:\Users\nova1\OneDrive\Escritorio\SEATAM CONSULTORA\PROGRAMAS\WS_FTP\para subir o bajar\investiment-9001\NormasISO\Certificados\Ingles\9001-Ingles.png --> www.sistemaiso.net /investment.sistemaiso.net/NormasISO/Certificados/Ingles 9001-Ingles.png
2026.01.29 11:50 B C:\Users\nova1\OneDrive\Escritorio\SEATAM CONSULTORA\PROGRAMAS\WS_FTP\para subir o bajar\investiment-9001\NormasISO\Certificados\Ingles\WS_FTP.LOG --> www.sistemaiso.net /investment.sistemaiso.net/NormasISO/Certificados/Ingles WS_FTP.LOG
2026.01.30 12:32 B C:\Users\nova1\OneDrive\Escritorio\SEATAM CONSULTORA\PROGRAMAS\WS_FTP\para subir o bajar\investiment-9001\NormasISO\Certificados\Ingles\14001-ingles.pdf --> www.sistemaiso.net /investment.sistemaiso.net/NormasISO/Certificados/Ingles 14001-ingles.pdf
2026.01.30 12:33 B C:\Users\nova1\OneDrive\Escritorio\SEATAM CONSULTORA\PROGRAMAS\WS_FTP\para subir o bajar\investiment-9001\NormasISO\Certificados\Ingles\14001-inglesl.png --> www.sistemaiso.net /investment.sistemaiso.net/NormasISO/Certificados/Ingles 14001-inglesl.png
2026.01.30 12:33 B C:\Users\nova1\OneDrive\Escritorio\SEATAM CONSULTORA\PROGRAMAS\WS_FTP\para subir o bajar\investiment-9001\NormasISO\Certificados\Ingles\45001-ingles.pdf --> www.sistemaiso.net /investment.sistemaiso.net/NormasISO/Certificados/Ingles 45001-ingles.pdf
2026.01.30 12:34 B C:\Users\nova1\OneDrive\Escritorio\SEATAM CONSULTORA\PROGRAMAS\WS_FTP\para subir o bajar\investiment-9001\NormasISO\Certificados\Ingles\45001-ingles.png --> www.sistemaiso.net /investment.sistemaiso.net/NormasISO/Certificados/Ingles 45001-ingles.png
2026.01.30 12:34 B C:\Users\nova1\OneDrive\Escritorio\SEATAM CONSULTORA\PROGRAMAS\WS_FTP\para subir o bajar\investiment-9001\NormasISO\Certificados\Ingles\9001-ingles.pdf --> www.sistemaiso.net /investment.sistemaiso.net/NormasISO/Certificados/Ingles 9001-ingles.pdf
2026.01.30 12:35 B C:\Users\nova1\OneDrive\Escritorio\SEATAM CONSULTORA\PROGRAMAS\WS_FTP\para subir o bajar\investiment-9001\NormasISO\Certificados\Ingles\9001-Ingles.png --> www.sistemaiso.net /investment.sistemaiso.net/NormasISO/Certificados/Ingles 9001-Ingles.png
2026.01.30 12:35 B C:\Users\nova1\OneDrive\Escritorio\SEATAM CONSULTORA\PROGRAMAS\WS_FTP\para subir o bajar\investiment-9001\NormasISO\Certificados\Ingles\WS_FTP.LOG --> www.sistemaiso.net /investment.sistemaiso.net/NormasISO/Certificados/Ingles WS_FTP.LOG
